# this file holds the list of void-elements
# need to check: command and keygen (removed at present)

# TEMP v2 (will be integrated into main list of elements)
doctype:VOID
area:VOID
base:VOID
br:VOID
col:VOID
embed:VOID
hr:VOID
img:VOID
input:VOID
link:VOID
meta:VOID
param:VOID
source:VOID
track:VOID
wbr:VOID
